attributeString,value1String,value2String
energy,553.0kj,8400.0kj
fat,9.5g,70.0g
saturatedFat,5.9g,20.0g
carbohydrate,7.3g,nil
dietaryFibre,0.5g,nil
sugar,6.8g,90.0g
protein,4.3g,nil
salt,0.2g,nil