attributeString,value1String,value2String,double,string
energy,180.0 kj,,,
fat,10.0 g,,,
saturatedFat,6.0 g,,,
transFat,0.0 g,,,
cholesterol,10.0 mg,,,
sodium,20.0 mg,,,
carbohydrate,21.0 g,,,
dietaryFibre,1.0 g,,,
sugar,20.0 g,,,
protein,2.0 g,,,
vitaminA,0.0 %,,,
vitaminC,2.0 %,,,
calcium,6.0 %,,,
iron,4.0 %,,,
