attributeString,value1String,value2String,double,string
energy,746.0kj,497.0kj,,
gluten,0mg,0mg,,
protein,5.7g,3.8g,,
fat,9.5g,6.3g,,
saturatedFat,6.2g,4.1g,,
carbohydrate,17.4g,11.6g,,
sugar,17.1g,11.4g,,
sodium,59.0mg,39.0mg,,
calcium,213.0mg,142.0mg,,