attributeString,value1String,value2String,double,string
energy,116.0kcal,96.0kcal,,
protein,5.9g,4.9g,,
carbohydrate,18.1g,15.1g,,
sugar,18.1g,15.1g,,
fat,2.2g,1.8g,,
saturatedFat,1.4g,1.2g,,
dietaryFibre,0.1g,0.1g,,
sodium,0.1g,0.1g,,
salt,0.2g,0.2g,,
calcium,223.0mg,186.0mg,,