attributeString,value1String,value2String,double,string
energy,396.0kj,495.0kj,,
protein,3.5g,4.4g,,
carbohydrate,12.8g,16.0g,,
sugar,12.7g,15.9g,,
fat,3.2g,4.0g,,
saturatedFat,2.0g,2.5g,,
dietaryFibre,2.0g,2.5g,,
sodium,0.06g,0.08g,,
salt,0.2g,0.2g,,
calcium,128.0mg,160.0mg,,