attributeString,value1String,value2String
fat,0.0g,nil
carbohydrate,9.0g,nil
dietaryFibre,0.0g,nil
saturatedFat,0.0g,nil
transFat,0.0g,nil
sugar,9.0g,nil
cholesterol,0.0mg,nil
protein,23.0g,nil
sodium,105.0mg,nil
vitaminA,0.0%,nil
vitaminC,0.0%,nil
calcium,30.0%,nil