attributeString,value1String,value2String,double,string
energy,256.0kj,320.0kj,,
protein,4.9g,6.1g,,
carbohydrate,6.9g,8.6g,,
sugar,6.9g,8.6g,,
starch,0g,0g,,
fat,1.5g,1.9g,,
saturatedFat,0.9g,1.1g,,
monounsaturatedFat,0.4g,0.5g,,
polyunsaturatedFat,0g,0g,,
dietaryFibre,0g,0g,,
salt,0.2g,0.3g,,
sodium,0.05g,0.1g,,
calcium,168mg,210.0mg,,