attributeString,value1String,value2String
energy,52.4kcal,nil
fat,0.0g,nil
carbohydrate,12.5g,nil
sugar,11.8g,nil
dietaryFibre,0.27g,nil
protein,0.0g,0.0g
calcium,3.0mg,nil
sodium,5.7mg,nil
potassium,39.3mg,nil