attributeString,value1String,value2String
fat,0.0g,nil
saturatedFat,0.0g,nil
transFat,0.0g,nil
carbohydrate,24g,nil
dietaryFibre,2.0g,nil
sugar,17.0g,nil
protein,0.0g,nil
cholesterol,0.0mg,nil
sodium,5.0mg,nil
potassium,200.0mg,nil
calcium,10mg,nil
iron,0.125mg,nil