attributeString,value1String,value2String
energy,1258.0kj,1006.0kj
fat,6.2g,5.0g
saturatedFat,3.1g,2.5g
carbohydrate,49.0g,39.0g
sugar,1.5g,1.2g
dietaryFibre,9.3g,7.4g
protein,7.1g,5.7g
salt,1.0g,0.8g