attributeString,value1String,value2String
fat,0.0g,nil
saturatedFat,0.0g,nil
transFat,0.0g,nil
cholesterol,0.0mg,nil
sodium,1.44mg,nil
carbohydrate,0.0g,nil
dietaryFibre,0.0g,nil
sugar,0.0g,nil
protein,0.0g,nil