attributeString,value1String,value2String,double,string
energy,117kcal,90kcal,,
protein,5.5g,4.2g,,
fat,2.0g,1.5g,,
saturatedFat,1.4g,1.1g,,
transFat,0.1g,0.1g,,
cholesterol,10mg,8mg,,
carbohydrate,19.5g,15.0g,,
dietaryFibre,0.7g,0.5g,,
sodium,72mg,55mg,,
calcium,169mg,130mg,,