attributeString,value1String,value2String,double,string
energy,136.0kj,754.0kj,,
fat,0.0g,0.0g,,
saturatedFat,0.0g,0.0g,,
transFat,0.0g,0.0g,,
carbohydrate,7.8g,43.5g,,
sugar,6.8g,37.9g,,
protein,0.2g,0.8g,,
sodium,320.0mg,1790.0mg,,
salt,0.8g,4.5g,,
servingsPerContainerAmount,,,39,
