attributeString,value1String,value2String
fat,0.0g,nil
saturatedFat,0.0g,nil
transFat,0.0g,nil
cholesterol,0.0mg,nil
sodium,1590.0mg,nil
carbohydrate,1.0g,nil
dietaryFibre,0.0g,nil
sugar,1.0g,nil
protein,1.0g,nil
vitaminD,0mcg,nil
calcium,5.0mg,nil
iron,0.1mg,nil
potassium,40.0mg,nil