attributeString,value1String,value2String
energy,46.0kj,297.0kj
fat,0.0g,0.0g
saturatedFat,0.0g,0.0g
transFat,0.0g,0.0g
cholesterol,0.0mg,0.0mg
carbohydrate,1.2g,8.1g
sugar,1.2g,8.1g
dietaryFibre,0.0g,0.0g
protein,1.5g,9.7g
sodium,1590.0mg,10605.0mg
salt,4g,26.5g