attributeString,value1String,value2String,double,string
energy,1859.0kJ,279kJ,,
fat,0.6g,0.1g,,
saturatedFat,0.4g,0.1g,,
carbohydrate,108.0g,16g,,
sugar,79.0g,12.0g,,
protein,1.9g,0.3g,,
salt,5.5g,0.8g,,
servingsPerContainerAmount,,,40,
