attributeString,value1String,value2String
energy,94kcal,75kcal
protein,5.4g,43g
fat,0.1g,0.1g
saturatedFat,0.1g,0.1g
transFat,0g,0g
cholesterol,4mg,3mg
carbohydrate,17.8g,14.2g
dietaryFibre,0.1g,0.19g
sodium,84mg,67mg
calcium,225mg,180mg
servingsPerContainer,8,
