attributeString,value1String,value2String
energy,819kj,546kj
protein,5.6g,3.7g
fat,9.5g,6.3g
saturatedFat,6.2g,4.1g
carbohydrate,21.9g,14.6g
sugar,21.3g,14.2g
sodium,57mg,38mg
calcium,186mg,124mg