attributeString,value1String,value2String
fat,0.0g,nil
potassium,170.0mg,nil
saturatedFat,0.0g,nil
carbohydrate,19.0g,nil
transFat,0.0g,nil
dietaryFibre,0.0g,nil
cholesterol,5.0mg,nil
sugar,18.0g,nil
sodium,50.0mg,nil
protein,12.0g,nil
vitaminA,0.0%,nil
vitaminC,0.0%,nil
calcium,15.0%,nil
iron,0.0%,nil
vitaminD,15.0%,nil